19:48:54 **** Build of configuration Debug for project 1249_bsp_xuartlite_intr_example_1 ****
make all 
'Building file: ../src/xuartlite_intr_example.c'
'Invoking: MicroBlaze gcc compiler'
mb-gcc -Wall -O0 -g3 -c -fmessage-length=0 -MT"src/xuartlite_intr_example.o" -I../../1249_bsp/microblaze_1/include -mlittle-endian -mxl-barrel-shift -mxl-pattern-compare -mno-xl-soft-div -mcpu=v11.0 -mno-xl-soft-mul -mxl-multiply-high -mhard-float -mxl-float-convert -mxl-float-sqrt -Wl,--no-relax -ffunction-sections -fdata-sections -MMD -MP -MF"src/xuartlite_intr_example.d" -MT"src/xuartlite_intr_example.o" -o "src/xuartlite_intr_example.o" "../src/xuartlite_intr_example.c"
'Finished building: ../src/xuartlite_intr_example.c'
' '
'Building target: 1249_bsp_xuartlite_intr_example_1.elf'
'Invoking: MicroBlaze gcc linker'
mb-gcc -Wl,-T -Wl,../src/lscript.ld -L../../1249_bsp/microblaze_1/lib -mlittle-endian -mxl-barrel-shift -mxl-pattern-compare -mno-xl-soft-div -mcpu=v11.0 -mno-xl-soft-mul -mxl-multiply-high -mhard-float -mxl-float-convert -mxl-float-sqrt -Wl,--no-relax -Wl,--gc-sections -o "1249_bsp_xuartlite_intr_example_1.elf"  ./src/xuartlite_intr_example.o   -Wl,--start-group,-lxil,-lgcc,-lc,--end-group
'Finished building target: 1249_bsp_xuartlite_intr_example_1.elf'
' '
'Invoking: MicroBlaze Print Size'
mb-size 1249_bsp_xuartlite_intr_example_1.elf  |tee "1249_bsp_xuartlite_intr_example_1.elf.size"
   text	   data	    bss	    dec	    hex	filename
  11232	    792	   3544	  15568	   3cd0	1249_bsp_xuartlite_intr_example_1.elf
'Finished building: 1249_bsp_xuartlite_intr_example_1.elf.size'
' '

19:48:55 Build Finished (took 667ms)

