09:16:50 **** Auto Build of configuration Debug for project 1249 ****
make all 
'Building file: ../src/cmd.c'
'Invoking: MicroBlaze gcc compiler'
mb-gcc -Wall -O0 -g3 -c -fmessage-length=0 -MT"src/cmd.o" -I../../1249_bsp/microblaze_1/include -mlittle-endian -mxl-barrel-shift -mxl-pattern-compare -mno-xl-soft-div -mcpu=v11.0 -mno-xl-soft-mul -mxl-multiply-high -mhard-float -mxl-float-convert -mxl-float-sqrt -Wl,--no-relax -ffunction-sections -fdata-sections -MMD -MP -MF"src/cmd.d" -MT"src/cmd.o" -o "src/cmd.o" "../src/cmd.c"
In file included from ../src/cmd.h:4,
                 from ../src/cmd.c:1:
../../1249_bsp/microblaze_1/include/xbasic_types.h:120:2: warning: #warning The xbasics_type.h file is deprecated and users should use xil_types.h and xil_assert. [-Wcpp]
 #warning  The xbasics_type.h file is deprecated and users should use xil_types.h and xil_assert.
  ^~~~~~~
../../1249_bsp/microblaze_1/include/xbasic_types.h:121:2: warning: #warning Please refer the Standalone BSP UG647 for further details [-Wcpp]
 #warning  Please refer the Standalone BSP UG647 for further details
  ^~~~~~~
In file included from ../src/cmd.c:1:
../src/cmd.h:228:1: warning: multi-line comment [-Wcomment]
 //#define SW16(x) ((uint16_t)((((uint16_t)(x)&0x00ffU)<<8) | \
 ^
../src/cmd.c: In function 'SendMessage':
../src/cmd.c:112:3: warning: this 'if' clause does not guard... [-Wmisleading-indentation]
   if((MsgQuery.Start>=MSG_QUERY)||(MsgQuery.End>=MSG_QUERY))
   ^~
../src/cmd.c:114:4: note: ...this statement, but the latter is misleadingly indented as if it were guarded by the 'if'
    if((MsgQuery.Start==(MsgQuery.End-1))||
    ^~
../src/cmd.c: In function 'cmd_parse':
../src/cmd.c:178:3: warning: implicit declaration of function 'cmd_type_id_parse'; did you mean 'cmd_parse'? [-Wimplicit-function-declaration]
   cmd_type_id_parse(&TMsg);
   ^~~~~~~~~~~~~~~~~
   cmd_parse
../src/cmd.c:148:7: warning: unused variable 'rev' [-Wunused-variable]
   int rev=CW32(CmdRxBufferPtr[i+0],CmdRxBufferPtr[i+1],CmdRxBufferPtr[i+2],CmdRxBufferPtr[i+3]);
       ^~~
../src/cmd.c:144:12: warning: unused variable 'a' [-Wunused-variable]
   uint32_t a;
            ^
../src/cmd.c: At top level:
../src/cmd.c:181:6: warning: conflicting types for 'cmd_type_id_parse'
 void cmd_type_id_parse(StructMsg *pMsg)
      ^~~~~~~~~~~~~~~~~
../src/cmd.c:178:3: note: previous implicit declaration of 'cmd_type_id_parse' was here
   cmd_type_id_parse(&TMsg);
   ^~~~~~~~~~~~~~~~~
../src/cmd.c: In function 'cmd_type_id_parse':
../src/cmd.c:228:15: warning: 'return' with a value, in function returning void
        return 0;
               ^
../src/cmd.c:181:6: note: declared here
 void cmd_type_id_parse(StructMsg *pMsg)
      ^~~~~~~~~~~~~~~~~
../src/cmd.c:313:15: warning: 'return' with a value, in function returning void
        return 0;
               ^
../src/cmd.c:181:6: note: declared here
 void cmd_type_id_parse(StructMsg *pMsg)
      ^~~~~~~~~~~~~~~~~
../src/cmd.c:325:13: warning: 'return' with a value, in function returning void
      return 0;
             ^
../src/cmd.c:181:6: note: declared here
 void cmd_type_id_parse(StructMsg *pMsg)
      ^~~~~~~~~~~~~~~~~
../src/cmd.c: In function 'delete_dir':
../src/cmd.c:381:27: warning: pointer targets in passing argument 2 of 'f_opendir' differ in signedness [-Wpointer-sign]
     res = f_opendir(&dir, path);                       /* Open the directory */
                           ^~~~
In file included from ../src/cmd.h:8,
                 from ../src/cmd.c:1:
../src/fat/ff.h:315:9: note: expected 'const TCHAR *' {aka 'const char *'} but argument is of type 'BYTE *' {aka 'unsigned char *'}
 FRESULT f_opendir (DIR* dp, const TCHAR* path);      /* Open a directory */
         ^~~~~~~~~
../src/cmd.c:392:34: warning: pointer targets in passing argument 1 of 'f_unlink' differ in signedness [-Wpointer-sign]
                  res = f_unlink (path);    // delete the empty directory
                                  ^~~~
In file included from ../src/cmd.h:8,
                 from ../src/cmd.c:1:
../src/fat/ff.h:321:9: note: expected 'const TCHAR *' {aka 'const char *'} but argument is of type 'BYTE *' {aka 'unsigned char *'}
 FRESULT f_unlink (const TCHAR* path);        /* Delete an existing file or directory */
         ^~~~~~~~
../src/cmd.c:403:17: warning: pointer targets in passing argument 1 of 'strlen' differ in signedness [-Wpointer-sign]
      i = strlen(path);
                 ^~~~
In file included from ../src/FIFO.h:40,
                 from ../src/cmd.h:13,
                 from ../src/cmd.c:1:
d:\xilinx\sdk\2019.1\gnu\microblaze\nt\microblaze-xilinx-elf\include\string.h:41:9: note: expected 'const char *' but argument is of type 'BYTE *' {aka 'unsigned char *'}
 size_t  strlen (const char *);
         ^~~~~~
../src/cmd.c:404:14: warning: pointer targets in passing argument 1 of 'sprintf' differ in signedness [-Wpointer-sign]
      sprintf(&path[i], "/%s", fno.fname);
              ^~~~~~~~
In file included from ../src/cmd.h:6,
                 from ../src/cmd.c:1:
d:\xilinx\sdk\2019.1\gnu\microblaze\nt\microblaze-xilinx-elf\include\stdio.h:244:5: note: expected 'char * restrict' but argument is of type 'BYTE *' {aka 'unsigned char *'}
 int sprintf (char *__restrict, const char *__restrict, ...)
     ^~~~~~~
../src/cmd.c:412:14: warning: pointer targets in passing argument 1 of 'sprintf' differ in signedness [-Wpointer-sign]
      sprintf(FilePath,"%s/%s",path, fno.fname);
              ^~~~~~~~
In file included from ../src/cmd.h:6,
                 from ../src/cmd.c:1:
d:\xilinx\sdk\2019.1\gnu\microblaze\nt\microblaze-xilinx-elf\include\stdio.h:244:5: note: expected 'char * restrict' but argument is of type 'BYTE *' {aka 'unsigned char *'}
 int sprintf (char *__restrict, const char *__restrict, ...)
     ^~~~~~~
../src/cmd.c:413:18: warning: pointer targets in passing argument 1 of 'f_unlink' differ in signedness [-Wpointer-sign]
      if(f_unlink(FilePath) == FR_OK)
                  ^~~~~~~~
In file included from ../src/cmd.h:8,
                 from ../src/cmd.c:1:
../src/fat/ff.h:321:9: note: expected 'const TCHAR *' {aka 'const char *'} but argument is of type 'BYTE *' {aka 'unsigned char *'}
 FRESULT f_unlink (const TCHAR* path);        /* Delete an existing file or directory */
         ^~~~~~~~
../src/cmd.c: In function 'run_cmd_a201':
../src/cmd.c:437:22: warning: initialization of 'uint32_t' {aka 'long unsigned int'} from 'void *' makes integer from pointer without a cast [-Wint-conversion]
  uint32_t  databuf = (void *)(0xA0000000);
                      ^
../src/cmd.c:446:32: warning: operation on 'i' may be undefined [-Wsequence-point]
    unicode_u16=(pMsg->MsgData[i++]|pMsg->MsgData[i++]<<8);
                               ~^~
../src/cmd.c:463:25: warning: pointer targets in passing argument 2 of 'f_open' differ in signedness [-Wpointer-sign]
    ret = f_open (&file, cmd_str_11, FA_CREATE_ALWAYS | FA_WRITE);
                         ^~~~~~~~~~
In file included from ../src/cmd.h:8,
                 from ../src/cmd.c:1:
../src/fat/ff.h:306:9: note: expected 'const TCHAR *' {aka 'const char *'} but argument is of type 'BYTE *' {aka 'unsigned char *'}
 FRESULT f_open (FIL* fp, const TCHAR* path, BYTE mode);    /* Open or create a file */
         ^~~~~~
../src/cmd.c:482:17: warning: pointer targets in passing argument 1 of 'f_mkdir' differ in signedness [-Wpointer-sign]
    ret =f_mkdir(cmd_str_11);
                 ^~~~~~~~~~
In file included from ../src/cmd.h:8,
                 from ../src/cmd.c:1:
../src/fat/ff.h:320:9: note: expected 'const TCHAR *' {aka 'const char *'} but argument is of type 'BYTE *' {aka 'unsigned char *'}
 FRESULT f_mkdir (const TCHAR* path);        /* Create a sub directory */
         ^~~~~~~
../src/cmd.c:497:17: warning: pointer targets in passing argument 1 of 'f_stat' differ in signedness [-Wpointer-sign]
    fr1 = f_stat(cmd_str_11, &fno1);    //lyh 9.4改
                 ^~~~~~~~~~
In file included from ../src/cmd.h:8,
                 from ../src/cmd.c:1:
../src/fat/ff.h:323:9: note: expected 'const TCHAR *' {aka 'const char *'} but argument is of type 'BYTE *' {aka 'unsigned char *'}
 FRESULT f_stat (const TCHAR* path, FILINFO* fno);     /* Get file status */
         ^~~~~~
../src/cmd.c:505:21: warning: pointer targets in passing argument 1 of 'f_unlink' differ in signedness [-Wpointer-sign]
     ret = f_unlink (cmd_str_11); // LYH 2023.9.4
                     ^~~~~~~~~~
In file included from ../src/cmd.h:8,
                 from ../src/cmd.c:1:
../src/fat/ff.h:321:9: note: expected 'const TCHAR *' {aka 'const char *'} but argument is of type 'BYTE *' {aka 'unsigned char *'}
 FRESULT f_unlink (const TCHAR* path);        /* Delete an existing file or directory */
         ^~~~~~~~
../src/cmd.c:542:33: warning: operation on 'i' may be undefined [-Wsequence-point]
     unicode_u16=(pMsg->MsgData[i++]|pMsg->MsgData[i++]<<8);
                                ~^~
../src/cmd.c:557:20: warning: pointer targets in passing argument 1 of 'f_rename' differ in signedness [-Wpointer-sign]
    ret = f_rename (cmd_str_11, cmd_str_21);
                    ^~~~~~~~~~
In file included from ../src/cmd.h:8,
                 from ../src/cmd.c:1:
../src/fat/ff.h:322:9: note: expected 'const TCHAR *' {aka 'const char *'} but argument is of type 'BYTE *' {aka 'unsigned char *'}
 FRESULT f_rename (const TCHAR* path_old, const TCHAR* path_new); /* Rename/Move a file or directory */
         ^~~~~~~~
../src/cmd.c:557:32: warning: pointer targets in passing argument 2 of 'f_rename' differ in signedness [-Wpointer-sign]
    ret = f_rename (cmd_str_11, cmd_str_21);
                                ^~~~~~~~~~
In file included from ../src/cmd.h:8,
                 from ../src/cmd.c:1:
../src/fat/ff.h:322:9: note: expected 'const TCHAR *' {aka 'const char *'} but argument is of type 'BYTE *' {aka 'unsigned char *'}
 FRESULT f_rename (const TCHAR* path_old, const TCHAR* path_new); /* Rename/Move a file or directory */
         ^~~~~~~~
../src/cmd.c:572:33: warning: operation on 'i' may be undefined [-Wsequence-point]
     unicode_u16=(pMsg->MsgData[i++]|pMsg->MsgData[i++]<<8);
                                ~^~
../src/cmd.c:586:20: warning: pointer targets in passing argument 1 of 'f_rename' differ in signedness [-Wpointer-sign]
    ret = f_rename (cmd_str_11, cmd_str_21);
                    ^~~~~~~~~~
In file included from ../src/cmd.h:8,
                 from ../src/cmd.c:1:
../src/fat/ff.h:322:9: note: expected 'const TCHAR *' {aka 'const char *'} but argument is of type 'BYTE *' {aka 'unsigned char *'}
 FRESULT f_rename (const TCHAR* path_old, const TCHAR* path_new); /* Rename/Move a file or directory */
         ^~~~~~~~
../src/cmd.c:586:32: warning: pointer targets in passing argument 2 of 'f_rename' differ in signedness [-Wpointer-sign]
    ret = f_rename (cmd_str_11, cmd_str_21);
                                ^~~~~~~~~~
In file included from ../src/cmd.h:8,
                 from ../src/cmd.c:1:
../src/fat/ff.h:322:9: note: expected 'const TCHAR *' {aka 'const char *'} but argument is of type 'BYTE *' {aka 'unsigned char *'}
 FRESULT f_rename (const TCHAR* path_old, const TCHAR* path_new); /* Rename/Move a file or directory */
         ^~~~~~~~
../src/cmd.c:602:33: warning: operation on 'i' may be undefined [-Wsequence-point]
     unicode_u16=(pMsg->MsgData[i++]|pMsg->MsgData[i++]<<8);
                                ~^~
../src/cmd.c:617:19: warning: pointer targets in passing argument 1 of 'f_rename' differ in signedness [-Wpointer-sign]
    ret = f_rename(cmd_str_11, cmd_str_21);
                   ^~~~~~~~~~
In file included from ../src/cmd.h:8,
                 from ../src/cmd.c:1:
../src/fat/ff.h:322:9: note: expected 'const TCHAR *' {aka 'const char *'} but argument is of type 'BYTE *' {aka 'unsigned char *'}
 FRESULT f_rename (const TCHAR* path_old, const TCHAR* path_new); /* Rename/Move a file or directory */
         ^~~~~~~~
../src/cmd.c:617:31: warning: pointer targets in passing argument 2 of 'f_rename' differ in signedness [-Wpointer-sign]
    ret = f_rename(cmd_str_11, cmd_str_21);
                               ^~~~~~~~~~
In file included from ../src/cmd.h:8,
                 from ../src/cmd.c:1:
../src/fat/ff.h:322:9: note: expected 'const TCHAR *' {aka 'const char *'} but argument is of type 'BYTE *' {aka 'unsigned char *'}
 FRESULT f_rename (const TCHAR* path_old, const TCHAR* path_new); /* Rename/Move a file or directory */
         ^~~~~~~~
../src/cmd.c:632:33: warning: operation on 'i' may be undefined [-Wsequence-point]
     unicode_u16=(pMsg->MsgData[i++]|pMsg->MsgData[i++]<<8);
                                ~^~
../src/cmd.c:647:19: warning: pointer targets in passing argument 1 of 'f_rename' differ in signedness [-Wpointer-sign]
    ret = f_rename(cmd_str_11, cmd_str_21);
                   ^~~~~~~~~~
In file included from ../src/cmd.h:8,
                 from ../src/cmd.c:1:
../src/fat/ff.h:322:9: note: expected 'const TCHAR *' {aka 'const char *'} but argument is of type 'BYTE *' {aka 'unsigned char *'}
 FRESULT f_rename (const TCHAR* path_old, const TCHAR* path_new); /* Rename/Move a file or directory */
         ^~~~~~~~
../src/cmd.c:647:31: warning: pointer targets in passing argument 2 of 'f_rename' differ in signedness [-Wpointer-sign]
    ret = f_rename(cmd_str_11, cmd_str_21);
                               ^~~~~~~~~~
In file included from ../src/cmd.h:8,
                 from ../src/cmd.c:1:
../src/fat/ff.h:322:9: note: expected 'const TCHAR *' {aka 'const char *'} but argument is of type 'BYTE *' {aka 'unsigned char *'}
 FRESULT f_rename (const TCHAR* path_old, const TCHAR* path_new); /* Rename/Move a file or directory */
         ^~~~~~~~
../src/cmd.c:658:25: warning: pointer targets in passing argument 2 of 'f_open' differ in signedness [-Wpointer-sign]
    ret = f_open (&file, cmd_str_11, FA_OPEN_EXISTING| FA_WRITE|FA_READ);
                         ^~~~~~~~~~
In file included from ../src/cmd.h:8,
                 from ../src/cmd.c:1:
../src/fat/ff.h:306:9: note: expected 'const TCHAR *' {aka 'const char *'} but argument is of type 'BYTE *' {aka 'unsigned char *'}
 FRESULT f_open (FIL* fp, const TCHAR* path, BYTE mode);    /* Open or create a file */
         ^~~~~~
../src/cmd.c:683:35: warning: operation on 'i' may be undefined [-Wsequence-point]
       unicode_u16=(pMsg->MsgData[i++]|pMsg->MsgData[i++]<<8);
                                  ~^~
../src/cmd.c:698:19: warning: pointer targets in passing argument 1 of 'my_fcopy' differ in signedness [-Wpointer-sign]
    ret =my_fcopy (cmd_str_11,cmd_str_21,0);
                   ^~~~~~~~~~
In file included from ../src/cmd.h:8,
                 from ../src/cmd.c:1:
../src/fat/ff.h:359:9: note: expected 'TCHAR *' {aka 'char *'} but argument is of type 'BYTE *' {aka 'unsigned char *'}
 FRESULT my_fcopy (TCHAR *psrc,TCHAR *pdst,u8 fwmode);            /* copy file */
         ^~~~~~~~
../src/cmd.c:698:30: warning: pointer targets in passing argument 2 of 'my_fcopy' differ in signedness [-Wpointer-sign]
    ret =my_fcopy (cmd_str_11,cmd_str_21,0);
                              ^~~~~~~~~~
In file included from ../src/cmd.h:8,
                 from ../src/cmd.c:1:
../src/fat/ff.h:359:9: note: expected 'TCHAR *' {aka 'char *'} but argument is of type 'BYTE *' {aka 'unsigned char *'}
 FRESULT my_fcopy (TCHAR *psrc,TCHAR *pdst,u8 fwmode);            /* copy file */
         ^~~~~~~~
../src/cmd.c:710:16: warning: pointer targets in passing argument 1 of 'strlen' differ in signedness [-Wpointer-sign]
    temp=strlen(cmd_str_11);
                ^~~~~~~~~~
In file included from ../src/FIFO.h:40,
                 from ../src/cmd.h:13,
                 from ../src/cmd.c:1:
d:\xilinx\sdk\2019.1\gnu\microblaze\nt\microblaze-xilinx-elf\include\string.h:41:9: note: expected 'const char *' but argument is of type 'BYTE *' {aka 'unsigned char *'}
 size_t  strlen (const char *);
         ^~~~~~
../src/cmd.c:713:35: warning: operation on 'i' may be undefined [-Wsequence-point]
       unicode_u16=(pMsg->MsgData[i++]|pMsg->MsgData[i++]<<8);
                                  ~^~
../src/cmd.c:727:20: warning: pointer targets in passing argument 1 of 'my_dcopy' differ in signedness [-Wpointer-sign]
    ret = my_dcopy (cmd_str_11,cmd_str_21,0);
                    ^~~~~~~~~~
In file included from ../src/cmd.h:8,
                 from ../src/cmd.c:1:
../src/fat/ff.h:360:9: note: expected 'TCHAR *' {aka 'char *'} but argument is of type 'BYTE *' {aka 'unsigned char *'}
 FRESULT my_dcopy(TCHAR *psrc,TCHAR *pdst,u8 fwmode);           /* copy directory */
         ^~~~~~~~
../src/cmd.c:727:31: warning: pointer targets in passing argument 2 of 'my_dcopy' differ in signedness [-Wpointer-sign]
    ret = my_dcopy (cmd_str_11,cmd_str_21,0);
                               ^~~~~~~~~~
In file included from ../src/cmd.h:8,
                 from ../src/cmd.c:1:
../src/fat/ff.h:360:9: note: expected 'TCHAR *' {aka 'char *'} but argument is of type 'BYTE *' {aka 'unsigned char *'}
 FRESULT my_dcopy(TCHAR *psrc,TCHAR *pdst,u8 fwmode);           /* copy directory */
         ^~~~~~~~
../src/cmd.c:737:10: warning: implicit declaration of function 'cmd_reply_a208'; did you mean 'cmd_reply_a203'? [-Wimplicit-function-declaration]
    ret = cmd_reply_a208(cmd_str_11);
          ^~~~~~~~~~~~~~
          cmd_reply_a203
../src/cmd.c:746:4: warning: implicit declaration of function 'usleep'; did you mean 'fseek'? [-Wimplicit-function-declaration]
    usleep(100000);
    ^~~~~~
    fseek
../src/cmd.c:767:43: warning: passing argument 2 of 'XAxiDma_SimpleTransfer' makes integer from pointer without a cast [-Wint-conversion]
      ret = XAxiDma_SimpleTransfer(&AxiDma,(UINTPTR *)(databuf),
                                           ^~~~~~~~~~~~~~~~~~~~
In file included from ../src/simple_dma.h:88,
                 from ../src/cmd.c:12:
../../1249_bsp/microblaze_1/include/xaxidma.h:751:58: note: expected 'UINTPTR' {aka 'unsigned int'} but argument is of type 'UINTPTR *' {aka 'unsigned int *'}
 u32 XAxiDma_SimpleTransfer(XAxiDma *InstancePtr, UINTPTR BuffAddr, u32 Length,
                                                  ~~~~~~~~^~~~~~~~
../src/cmd.c:778:44: warning: passing argument 2 of 'XAxiDma_SimpleTransfer' makes integer from pointer without a cast [-Wint-conversion]
      ret = XAxiDma_SimpleTransfer(&AxiDma1,(UINTPTR *)(databuf),
                                            ^~~~~~~~~~~~~~~~~~~~
In file included from ../src/simple_dma.h:88,
                 from ../src/cmd.c:12:
../../1249_bsp/microblaze_1/include/xaxidma.h:751:58: note: expected 'UINTPTR' {aka 'unsigned int'} but argument is of type 'UINTPTR *' {aka 'unsigned int *'}
 u32 XAxiDma_SimpleTransfer(XAxiDma *InstancePtr, UINTPTR BuffAddr, u32 Length,
                                                  ~~~~~~~~^~~~~~~~
../src/cmd.c: In function 'run_cmd_a202':
../src/cmd.c:809:10: warning: unused variable 'ret' [-Wunused-variable]
      int ret=0,i=0;
          ^~~
../src/cmd.c: In function 'run_cmd_a204':
../src/cmd.c:1619:20: warning: suggest parentheses around comparison in operand of '&' [-Wparentheses]
   x0=((file_cmd>>0)&0x1==1)?1:0;   //x0=1修改文件属性,x0=0不修改文件属性
                    ^
../src/cmd.c:1620:20: warning: suggest parentheses around comparison in operand of '&' [-Wparentheses]
   x1=((file_cmd>>4)&0x1==1)?1:0;   //x1=1修改文件读写控制,x1=0不修改文件读写控制
                    ^
../src/cmd.c:1621:20: warning: suggest parentheses around comparison in operand of '&' [-Wparentheses]
   x2=((file_cmd>>8)&0x1==1)?1:0;   //x2=1修改文件显示控制,x2=0不修改文件显示控制
                    ^
../src/cmd.c:1624:21: warning: suggest parentheses around comparison in operand of '&' [-Wparentheses]
   x4=((file_cmd>>16)&0x1==1)?1:0;  //x4=1修改文件夹属性,x4=0不修改文件夹属性
                     ^
../src/cmd.c:1625:21: warning: suggest parentheses around comparison in operand of '&' [-Wparentheses]
   x5=((file_cmd>>20)&0x1==1)?1:0;  //x5=1修改文件夹读写控制,x5=0不修改文件夹读写控制
                     ^
../src/cmd.c:1626:21: warning: suggest parentheses around comparison in operand of '&' [-Wparentheses]
   x6=((file_cmd>>24)&0x1==1)?1:0;  //x6=1修改文件夹显示控制,x6=0不修改文件夹显示控制
                     ^
../src/cmd.c:1634:33: warning: operation on 'i' may be undefined [-Wsequence-point]
     unicode_u16=(pMsg->MsgData[i++]|pMsg->MsgData[i++]<<8);
                                ~^~
../src/cmd.c:1656:18: warning: pointer targets in passing argument 1 of 'f_chmod' differ in signedness [-Wpointer-sign]
      ret=f_chmod(cmd_str_11,AM_RDO,AM_RDO );         //  文件设成只读
                  ^~~~~~~~~~
In file included from ../src/cmd.h:8,
                 from ../src/cmd.c:1:
../src/fat/ff.h:324:9: note: expected 'const TCHAR *' {aka 'const char *'} but argument is of type 'BYTE *' {aka 'unsigned char *'}
 FRESULT f_chmod (const TCHAR* path, BYTE attr, BYTE mask);   /* Change attribute of a file/dir */
         ^~~~~~~
../src/cmd.c:1664:18: warning: pointer targets in passing argument 1 of 'f_chmod' differ in signedness [-Wpointer-sign]
      ret=f_chmod(cmd_str_11,0, AM_RDO);      //  文件取消只读
                  ^~~~~~~~~~
In file included from ../src/cmd.h:8,
                 from ../src/cmd.c:1:
../src/fat/ff.h:324:9: note: expected 'const TCHAR *' {aka 'const char *'} but argument is of type 'BYTE *' {aka 'unsigned char *'}
 FRESULT f_chmod (const TCHAR* path, BYTE attr, BYTE mask);   /* Change attribute of a file/dir */
         ^~~~~~~
../src/cmd.c:1677:18: warning: pointer targets in passing argument 1 of 'f_chmod' differ in signedness [-Wpointer-sign]
      ret=f_chmod(cmd_str_11,AM_HID,AM_HID);         //  文件设成隐藏
                  ^~~~~~~~~~
In file included from ../src/cmd.h:8,
                 from ../src/cmd.c:1:
../src/fat/ff.h:324:9: note: expected 'const TCHAR *' {aka 'const char *'} but argument is of type 'BYTE *' {aka 'unsigned char *'}
 FRESULT f_chmod (const TCHAR* path, BYTE attr, BYTE mask);   /* Change attribute of a file/dir */
         ^~~~~~~
../src/cmd.c:1685:33: warning: pointer targets in passing argument 1 of 'f_chmod' differ in signedness [-Wpointer-sign]
                     ret=f_chmod(cmd_str_11,0,AM_HID);           //  文件取消隐藏
                                 ^~~~~~~~~~
In file included from ../src/cmd.h:8,
                 from ../src/cmd.c:1:
../src/fat/ff.h:324:9: note: expected 'const TCHAR *' {aka 'const char *'} but argument is of type 'BYTE *' {aka 'unsigned char *'}
 FRESULT f_chmod (const TCHAR* path, BYTE attr, BYTE mask);   /* Change attribute of a file/dir */
         ^~~~~~~
../src/cmd.c:1704:33: warning: operation on 'i' may be undefined [-Wsequence-point]
     unicode_u16=(pMsg->MsgData[i++]|pMsg->MsgData[i++]<<8);
                                ~^~
../src/cmd.c:1731:18: warning: pointer targets in passing argument 1 of 'f_chmod' differ in signedness [-Wpointer-sign]
      ret=f_chmod(cmd_str_31,AM_RDO,AM_RDO );     //  文件夹设成只读
                  ^~~~~~~~~~
In file included from ../src/cmd.h:8,
                 from ../src/cmd.c:1:
../src/fat/ff.h:324:9: note: expected 'const TCHAR *' {aka 'const char *'} but argument is of type 'BYTE *' {aka 'unsigned char *'}
 FRESULT f_chmod (const TCHAR* path, BYTE attr, BYTE mask);   /* Change attribute of a file/dir */
         ^~~~~~~
../src/cmd.c:1740:18: warning: pointer targets in passing argument 1 of 'f_chmod' differ in signedness [-Wpointer-sign]
      ret=f_chmod(cmd_str_31,0, AM_RDO);     //  文件夹取消只读
                  ^~~~~~~~~~
In file included from ../src/cmd.h:8,
                 from ../src/cmd.c:1:
../src/fat/ff.h:324:9: note: expected 'const TCHAR *' {aka 'const char *'} but argument is of type 'BYTE *' {aka 'unsigned char *'}
 FRESULT f_chmod (const TCHAR* path, BYTE attr, BYTE mask);   /* Change attribute of a file/dir */
         ^~~~~~~
../src/cmd.c:1755:18: warning: pointer targets in passing argument 1 of 'f_chmod' differ in signedness [-Wpointer-sign]
      ret=f_chmod(cmd_str_31,AM_HID,AM_HID );     //  文件夹设成隐藏
                  ^~~~~~~~~~
In file included from ../src/cmd.h:8,
                 from ../src/cmd.c:1:
../src/fat/ff.h:324:9: note: expected 'const TCHAR *' {aka 'const char *'} but argument is of type 'BYTE *' {aka 'unsigned char *'}
 FRESULT f_chmod (const TCHAR* path, BYTE attr, BYTE mask);   /* Change attribute of a file/dir */
         ^~~~~~~
../src/cmd.c:1763:18: warning: pointer targets in passing argument 1 of 'f_chmod' differ in signedness [-Wpointer-sign]
      ret=f_chmod(cmd_str_31,0, AM_HID);     //  文件夹取消隐藏
                  ^~~~~~~~~~
In file included from ../src/cmd.h:8,
                 from ../src/cmd.c:1:
../src/fat/ff.h:324:9: note: expected 'const TCHAR *' {aka 'const char *'} but argument is of type 'BYTE *' {aka 'unsigned char *'}
 FRESULT f_chmod (const TCHAR* path, BYTE attr, BYTE mask);   /* Change attribute of a file/dir */
         ^~~~~~~
../src/cmd.c:1610:7: warning: unused variable 'file' [-Wunused-variable]
   FIL file;
       ^~~~
../src/cmd.c:1609:7: warning: unused variable 'dir' [-Wunused-variable]
   DIR dir;
       ^~~
../src/cmd.c:1608:42: warning: unused variable 'x7' [-Wunused-variable]
   int x0=0,x1=0,x2=0,x3=0,x4=0,x5=0,x6=0,x7=0;
                                          ^~
../src/cmd.c:1608:22: warning: unused variable 'x3' [-Wunused-variable]
   int x0=0,x1=0,x2=0,x3=0,x4=0,x5=0,x6=0,x7=0;
                      ^~
../src/cmd.c:1601:7: warning: unused variable 'flag' [-Wunused-variable]
   int flag=0;
       ^~~~
../src/cmd.c: In function 'run_cmd_a205':
../src/cmd.c:1792:35: warning: operation on 'i' may be undefined [-Wsequence-point]
       unicode_u16=(pMsg->MsgData[i++]|pMsg->MsgData[i++]<<8);
                                  ~^~
../src/cmd.c:1807:9: warning: implicit declaration of function 'cmd_reply_a206'; did you mean 'cmd_reply_a204'? [-Wimplicit-function-declaration]
     res=cmd_reply_a206(pMsg, cmd_str_11);
         ^~~~~~~~~~~~~~
         cmd_reply_a204
../src/cmd.c:1821:34: warning: operation on 'i' may be undefined [-Wsequence-point]
      unicode_u16=(pMsg->MsgData[i++]|pMsg->MsgData[i++]<<8);
                                 ~^~
../src/cmd.c:1836:9: warning: implicit declaration of function 'cmd_reply_a207'; did you mean 'cmd_reply_a204'? [-Wimplicit-function-declaration]
     res=cmd_reply_a207(pMsg, cmd_str_21);
         ^~~~~~~~~~~~~~
         cmd_reply_a204
../src/cmd.c:1777:19: warning: unused variable 'ret' [-Wunused-variable]
    int file_cmd=0,ret=0,i=0,x = 0,temp=0,h=0;
                   ^~~
../src/cmd.c: In function 'cmd_reply_a206':
../src/cmd.c:1869:17: warning: pointer targets in passing argument 1 of 'f_stat' differ in signedness [-Wpointer-sign]
     fr = f_stat(path, &fno);
                 ^~~~
In file included from ../src/cmd.h:8,
                 from ../src/cmd.c:1:
../src/fat/ff.h:323:9: note: expected 'const TCHAR *' {aka 'const char *'} but argument is of type 'const BYTE *' {aka 'const unsigned char *'}
 FRESULT f_stat (const TCHAR* path, FILINFO* fno);     /* Get file status */
         ^~~~~~
../src/cmd.c:1892:28: warning: passing argument 1 of 'strcpy' from incompatible pointer type [-Wincompatible-pointer-types]
   strcpy(ReplyStructA206Ack.Name,(char *)fno.fname);  //noted by lyh on the 1.22
          ~~~~~~~~~~~~~~~~~~^~~~~
In file included from ../src/FIFO.h:40,
                 from ../src/cmd.h:13,
                 from ../src/cmd.c:1:
d:\xilinx\sdk\2019.1\gnu\microblaze\nt\microblaze-xilinx-elf\include\string.h:38:8: note: expected 'char * restrict' but argument is of type 'u16 *' {aka 'short unsigned int *'}
 char  *strcpy (char *__restrict, const char *__restrict);
        ^~~~~~
../src/cmd.c:1894:3: warning: implicit declaration of function 'Convert_GB2312_to_UTF16LE' [-Wimplicit-function-declaration]
   Convert_GB2312_to_UTF16LE(ReplyStructA206Ack.Name);       //add   by lyh on the 2.02
   ^~~~~~~~~~~~~~~~~~~~~~~~~
../src/cmd.c:1895:3: warning: implicit declaration of function 'Reverse_u16'; did you mean 'Reverse_u64'? [-Wimplicit-function-declaration]
   Reverse_u16(ReplyStructA206Ack.Name);
   ^~~~~~~~~~~
   Reverse_u64
../src/cmd.c:1897:18: warning: passing argument 1 of 'get_path_dname' discards 'const' qualifier from pointer target type [-Wdiscarded-qualifiers]
   get_path_dname(path,ReplyStructA206Ack.Dir);
                  ^~~~
In file included from ../src/cmd.h:8,
                 from ../src/cmd.c:1:
../src/fat/ff.h:368:27: note: expected 'BYTE *' {aka 'unsigned char *'} but argument is of type 'const BYTE *' {aka 'const unsigned char *'}
 void get_path_dname(BYTE* path,u8* des);
                     ~~~~~~^~~~
../src/cmd.c:1897:41: warning: passing argument 2 of 'get_path_dname' from incompatible pointer type [-Wincompatible-pointer-types]
   get_path_dname(path,ReplyStructA206Ack.Dir);
                       ~~~~~~~~~~~~~~~~~~^~~~
In file included from ../src/cmd.h:8,
                 from ../src/cmd.c:1:
../src/fat/ff.h:368:36: note: expected 'u8 *' {aka 'unsigned char *'} but argument is of type 'u16 *' {aka 'short unsigned int *'}
 void get_path_dname(BYTE* path,u8* des);
                                ~~~~^~~
../src/cmd.c:1922:11: warning: pointer targets in passing argument 1 of 'sprintf' differ in signedness [-Wpointer-sign]
   sprintf(CreateTime1,"%u.%02u.%02u,%02u.%02u.%02u",
           ^~~~~~~~~~~
In file included from ../src/cmd.h:6,
                 from ../src/cmd.c:1:
d:\xilinx\sdk\2019.1\gnu\microblaze\nt\microblaze-xilinx-elf\include\stdio.h:244:5: note: expected 'char * restrict' but argument is of type 'u8 *' {aka 'unsigned char *'}
 int sprintf (char *__restrict, const char *__restrict, ...)
     ^~~~~~~
../src/cmd.c:1927:11: warning: pointer targets in passing argument 1 of 'sprintf' differ in signedness [-Wpointer-sign]
   sprintf(CreateTime2,"%u.%02u.%02u,%02u.%02u.%02u",
           ^~~~~~~~~~~
In file included from ../src/cmd.h:6,
                 from ../src/cmd.c:1:
d:\xilinx\sdk\2019.1\gnu\microblaze\nt\microblaze-xilinx-elf\include\stdio.h:244:5: note: expected 'char * restrict' but argument is of type 'u8 *' {aka 'unsigned char *'}
 int sprintf (char *__restrict, const char *__restrict, ...)
     ^~~~~~~
../src/cmd.c:1932:11: warning: pointer targets in passing argument 1 of 'sprintf' differ in signedness [-Wpointer-sign]
   sprintf(ChangeTime1,"%u.%02u.%02u,%02u.%02u.%02u",
           ^~~~~~~~~~~
In file included from ../src/cmd.h:6,
                 from ../src/cmd.c:1:
d:\xilinx\sdk\2019.1\gnu\microblaze\nt\microblaze-xilinx-elf\include\stdio.h:244:5: note: expected 'char * restrict' but argument is of type 'u8 *' {aka 'unsigned char *'}
 int sprintf (char *__restrict, const char *__restrict, ...)
     ^~~~~~~
../src/cmd.c:1937:11: warning: pointer targets in passing argument 1 of 'sprintf' differ in signedness [-Wpointer-sign]
   sprintf(ChangeTime2,"%u.%02u.%02u,%02u.%02u.%02u",
           ^~~~~~~~~~~
In file included from ../src/cmd.h:6,
                 from ../src/cmd.c:1:
d:\xilinx\sdk\2019.1\gnu\microblaze\nt\microblaze-xilinx-elf\include\stdio.h:244:5: note: expected 'char * restrict' but argument is of type 'u8 *' {aka 'unsigned char *'}
 int sprintf (char *__restrict, const char *__restrict, ...)
     ^~~~~~~
../src/cmd.c:1942:11: warning: pointer targets in passing argument 1 of 'sprintf' differ in signedness [-Wpointer-sign]
   sprintf(AccessTime1,"%u.%02u.%02u,%02u.%02u.%02u",
           ^~~~~~~~~~~
In file included from ../src/cmd.h:6,
                 from ../src/cmd.c:1:
d:\xilinx\sdk\2019.1\gnu\microblaze\nt\microblaze-xilinx-elf\include\stdio.h:244:5: note: expected 'char * restrict' but argument is of type 'u8 *' {aka 'unsigned char *'}
 int sprintf (char *__restrict, const char *__restrict, ...)
     ^~~~~~~
../src/cmd.c:1947:11: warning: pointer targets in passing argument 1 of 'sprintf' differ in signedness [-Wpointer-sign]
   sprintf(AccessTime2,"%u.%02u.%02u,%02u.%02u.%02u",
           ^~~~~~~~~~~
In file included from ../src/cmd.h:6,
                 from ../src/cmd.c:1:
d:\xilinx\sdk\2019.1\gnu\microblaze\nt\microblaze-xilinx-elf\include\stdio.h:244:5: note: expected 'char * restrict' but argument is of type 'u8 *' {aka 'unsigned char *'}
 int sprintf (char *__restrict, const char *__restrict, ...)
     ^~~~~~~
../src/cmd.c:1970:2: warning: multi-line comment [-Wcomment]
  // ReplyStructA206Ack.CheckCode = ReplyStructA206Ack.AckPackNum + \
  ^
../src/cmd.c: In function 'cmd_reply_a207':
../src/cmd.c:2025:15: warning: pointer targets in passing argument 1 of 'f_stat' differ in signedness [-Wpointer-sign]
   fr = f_stat(path, &fno);
               ^~~~
In file included from ../src/cmd.h:8,
                 from ../src/cmd.c:1:
../src/fat/ff.h:323:9: note: expected 'const TCHAR *' {aka 'const char *'} but argument is of type 'const BYTE *' {aka 'const unsigned char *'}
 FRESULT f_stat (const TCHAR* path, FILINFO* fno);     /* Get file status */
         ^~~~~~
../src/cmd.c:2026:24: warning: passing argument 1 of 'Num_of_Dir_and_File' discards 'const' qualifier from pointer target type [-Wdiscarded-qualifiers]
   Num_of_Dir_and_File (path,&nfile,&ndir,0);
                        ^~~~
In file included from ../src/cmd.h:8,
                 from ../src/cmd.c:1:
../src/fat/ff.h:366:36: note: expected 'BYTE *' {aka 'unsigned char *'} but argument is of type 'const BYTE *' {aka 'const unsigned char *'}
 FRESULT Num_of_Dir_and_File (BYTE *path,DWORD *file_num,DWORD *dir_num,uint8_t mode); /* 分别获取目录中子目录和文件个数 */
                              ~~~~~~^~~~
../src/cmd.c:2026:29: warning: passing argument 2 of 'Num_of_Dir_and_File' from incompatible pointer type [-Wincompatible-pointer-types]
   Num_of_Dir_and_File (path,&nfile,&ndir,0);
                             ^~~~~~
In file included from ../src/cmd.h:8,
                 from ../src/cmd.c:1:
../src/fat/ff.h:366:48: note: expected 'DWORD *' {aka 'long unsigned int *'} but argument is of type 'int *'
 FRESULT Num_of_Dir_and_File (BYTE *path,DWORD *file_num,DWORD *dir_num,uint8_t mode); /* 分别获取目录中子目录和文件个数 */
                                         ~~~~~~~^~~~~~~~
../src/cmd.c:2026:36: warning: passing argument 3 of 'Num_of_Dir_and_File' from incompatible pointer type [-Wincompatible-pointer-types]
   Num_of_Dir_and_File (path,&nfile,&ndir,0);
                                    ^~~~~
In file included from ../src/cmd.h:8,
                 from ../src/cmd.c:1:
../src/fat/ff.h:366:64: note: expected 'DWORD *' {aka 'long unsigned int *'} but argument is of type 'int *'
 FRESULT Num_of_Dir_and_File (BYTE *path,DWORD *file_num,DWORD *dir_num,uint8_t mode); /* 分别获取目录中子目录和文件个数 */
                                                         ~~~~~~~^~~~~~~
../src/cmd.c:2054:18: warning: passing argument 1 of 'get_path_dname' discards 'const' qualifier from pointer target type [-Wdiscarded-qualifiers]
   get_path_dname(path,ReplyStructA207Ack.Dir);
                  ^~~~
In file included from ../src/cmd.h:8,
                 from ../src/cmd.c:1:
../src/fat/ff.h:368:27: note: expected 'BYTE *' {aka 'unsigned char *'} but argument is of type 'const BYTE *' {aka 'const unsigned char *'}
 void get_path_dname(BYTE* path,u8* des);
                     ~~~~~~^~~~
../src/cmd.c:2054:41: warning: passing argument 2 of 'get_path_dname' from incompatible pointer type [-Wincompatible-pointer-types]
   get_path_dname(path,ReplyStructA207Ack.Dir);
                       ~~~~~~~~~~~~~~~~~~^~~~
In file included from ../src/cmd.h:8,
                 from ../src/cmd.c:1:
../src/fat/ff.h:368:36: note: expected 'u8 *' {aka 'unsigned char *'} but argument is of type 'u16 *' {aka 'short unsigned int *'}
 void get_path_dname(BYTE* path,u8* des);
                                ~~~~^~~
../src/cmd.c:2056:34: warning: passing argument 1 of 'get_Dir_size' from incompatible pointer type [-Wincompatible-pointer-types]
   get_Dir_size(ReplyStructA207Ack.Name,&ReplyStructA207Ack.Size);
                ~~~~~~~~~~~~~~~~~~^~~~~
In file included from ../src/cmd.h:8,
                 from ../src/cmd.c:1:
../src/fat/ff.h:367:29: note: expected 'TCHAR *' {aka 'char *'} but argument is of type 'u16 *' {aka 'short unsigned int *'}
 FRESULT get_Dir_size(TCHAR *path,uint64_t*size);                  /* 获取目录的大小 */
                      ~~~~~~~^~~~
../src/cmd.c:2076:11: warning: pointer targets in passing argument 1 of 'sprintf' differ in signedness [-Wpointer-sign]
   sprintf(CreateTime1,"%u.%02u.%02u,%02u.%02u.%02u",
           ^~~~~~~~~~~
In file included from ../src/cmd.h:6,
                 from ../src/cmd.c:1:
d:\xilinx\sdk\2019.1\gnu\microblaze\nt\microblaze-xilinx-elf\include\stdio.h:244:5: note: expected 'char * restrict' but argument is of type 'u8 *' {aka 'unsigned char *'}
 int sprintf (char *__restrict, const char *__restrict, ...)
     ^~~~~~~
../src/cmd.c:2082:11: warning: pointer targets in passing argument 1 of 'sprintf' differ in signedness [-Wpointer-sign]
   sprintf(CreateTime2,"%u.%02u.%02u,%02u.%02u.%02u",
           ^~~~~~~~~~~
In file included from ../src/cmd.h:6,
                 from ../src/cmd.c:1:
d:\xilinx\sdk\2019.1\gnu\microblaze\nt\microblaze-xilinx-elf\include\stdio.h:244:5: note: expected 'char * restrict' but argument is of type 'u8 *' {aka 'unsigned char *'}
 int sprintf (char *__restrict, const char *__restrict, ...)
     ^~~~~~~
../src/cmd.c:2087:11: warning: pointer targets in passing argument 1 of 'sprintf' differ in signedness [-Wpointer-sign]
   sprintf(ChangeTime1,"%u.%02u.%02u,%02u.%02u.%02u",
           ^~~~~~~~~~~
In file included from ../src/cmd.h:6,
                 from ../src/cmd.c:1:
d:\xilinx\sdk\2019.1\gnu\microblaze\nt\microblaze-xilinx-elf\include\stdio.h:244:5: note: expected 'char * restrict' but argument is of type 'u8 *' {aka 'unsigned char *'}
 int sprintf (char *__restrict, const char *__restrict, ...)
     ^~~~~~~
../src/cmd.c:2092:11: warning: pointer targets in passing argument 1 of 'sprintf' differ in signedness [-Wpointer-sign]
   sprintf(ChangeTime2,"%u.%02u.%02u,%02u.%02u.%02u",
           ^~~~~~~~~~~
In file included from ../src/cmd.h:6,
                 from ../src/cmd.c:1:
d:\xilinx\sdk\2019.1\gnu\microblaze\nt\microblaze-xilinx-elf\include\stdio.h:244:5: note: expected 'char * restrict' but argument is of type 'u8 *' {aka 'unsigned char *'}
 int sprintf (char *__restrict, const char *__restrict, ...)
     ^~~~~~~
../src/cmd.c:2097:11: warning: pointer targets in passing argument 1 of 'sprintf' differ in signedness [-Wpointer-sign]
   sprintf(AccessTime1,"%u.%02u.%02u,%02u.%02u.%02u",
           ^~~~~~~~~~~
In file included from ../src/cmd.h:6,
                 from ../src/cmd.c:1:
d:\xilinx\sdk\2019.1\gnu\microblaze\nt\microblaze-xilinx-elf\include\stdio.h:244:5: note: expected 'char * restrict' but argument is of type 'u8 *' {aka 'unsigned char *'}
 int sprintf (char *__restrict, const char *__restrict, ...)
     ^~~~~~~
../src/cmd.c:2102:11: warning: pointer targets in passing argument 1 of 'sprintf' differ in signedness [-Wpointer-sign]
   sprintf(AccessTime2,"%u.%02u.%02u,%02u.%02u.%02u",
           ^~~~~~~~~~~
In file included from ../src/cmd.h:6,
                 from ../src/cmd.c:1:
d:\xilinx\sdk\2019.1\gnu\microblaze\nt\microblaze-xilinx-elf\include\stdio.h:244:5: note: expected 'char * restrict' but argument is of type 'u8 *' {aka 'unsigned char *'}
 int sprintf (char *__restrict, const char *__restrict, ...)
     ^~~~~~~
../src/cmd.c:2125:2: warning: multi-line comment [-Wcomment]
  // ReplyStructA207Ack.CheckCode = ReplyStructA206Ack.AckPackNum + \
  ^
../src/cmd.c:2016:14: warning: unused variable 'temp2' [-Wunused-variable]
   int temp1, temp2;
              ^~~~~
../src/cmd.c:2016:7: warning: unused variable 'temp1' [-Wunused-variable]
   int temp1, temp2;
       ^~~~~
../src/cmd.c: At top level:
../src/cmd.c:2161:6: warning: conflicting types for 'Reverse_u16'
 void Reverse_u16(u16 *name)
      ^~~~~~~~~~~
../src/cmd.c:1895:3: note: previous implicit declaration of 'Reverse_u16' was here
   Reverse_u16(ReplyStructA206Ack.Name);
   ^~~~~~~~~~~
../src/cmd.c:2186:6: warning: conflicting types for 'Convert_GB2312_to_UTF16LE'
 void Convert_GB2312_to_UTF16LE(u16 *name)
      ^~~~~~~~~~~~~~~~~~~~~~~~~
../src/cmd.c:1894:3: note: previous implicit declaration of 'Convert_GB2312_to_UTF16LE' was here
   Convert_GB2312_to_UTF16LE(ReplyStructA206Ack.Name);       //add   by lyh on the 2.02
   ^~~~~~~~~~~~~~~~~~~~~~~~~
../src/cmd.c: In function 'InitList':
../src/cmd.c:2249:30: warning: implicit declaration of function 'wjq_malloc_m'; did you mean '_malloc_r'? [-Wimplicit-function-declaration]
   LinkedList List= (Node * ) wjq_malloc_m (sizeof(Node));    // 分配一个头结点
                              ^~~~~~~~~~~~
                              _malloc_r
../src/cmd.c:2252:11: warning: returning 'int' from a function with return type 'LinkedList' {aka 'struct Node *'} makes pointer from integer without a cast [-Wint-conversion]
    return -1;
           ^
../src/cmd.c: In function 'cmd_reply_a208':
../src/cmd.c:2385:3: warning: implicit declaration of function 'wjq_free_m'; did you mean '_free_r'? [-Wimplicit-function-declaration]
   wjq_free_m(ReplyStructA208Ack.message);  // 释放内存
   ^~~~~~~~~~
   _free_r
../src/cmd.c: In function 'run_cmd_d201':
../src/cmd.c:2455:32: warning: operation on 'i' may be undefined [-Wsequence-point]
    unicode_u16=(pMsg->MsgData[i++]|pMsg->MsgData[i++]<<8);
                               ~^~
../src/cmd.c:2476:23: warning: pointer targets in passing argument 2 of 'f_open' differ in signedness [-Wpointer-sign]
   ret =f_open(&file1, cmd_str_11,  FA_OPEN_EXISTING |FA_READ);
                       ^~~~~~~~~~
In file included from ../src/cmd.h:8,
                 from ../src/cmd.c:1:
../src/fat/ff.h:306:9: note: expected 'const TCHAR *' {aka 'const char *'} but argument is of type 'BYTE *' {aka 'unsigned char *'}
 FRESULT f_open (FIL* fp, const TCHAR* path, BYTE mode);    /* Open or create a file */
         ^~~~~~
../src/cmd.c:2452:9: warning: unused variable 'cmd_char_str1' [-Wunused-variable]
   BYTE *cmd_char_str1;
         ^~~~~~~~~~~~~
../src/cmd.c:2445:7: warning: unused variable 'file_cmd' [-Wunused-variable]
   int file_cmd=0,ret=0,i=0,x=0,h=0;
       ^~~~~~~~
../src/cmd.c: In function 'run_cmd_d202':
../src/cmd.c:2537:20: warning: initialization of 'uint32_t' {aka 'long unsigned int'} from 'void *' makes integer from pointer without a cast [-Wint-conversion]
   uint32_t  buff = (void *)(MEM_DDR4_BASE);
                    ^
../src/cmd.c:2540:32: warning: operation on 'i' may be undefined [-Wsequence-point]
    unicode_u16=(pMsg->MsgData[i++]|pMsg->MsgData[i++]<<8);
                               ~^~
../src/cmd.c:2556:23: warning: pointer targets in passing argument 2 of 'f_open' differ in signedness [-Wpointer-sign]
   ret = f_open(&wfile,cmd_str_11, FA_CREATE_ALWAYS | FA_WRITE |FA_READ);
                       ^~~~~~~~~~
In file included from ../src/cmd.h:8,
                 from ../src/cmd.c:1:
../src/fat/ff.h:306:9: note: expected 'const TCHAR *' {aka 'const char *'} but argument is of type 'BYTE *' {aka 'unsigned char *'}
 FRESULT f_open (FIL* fp, const TCHAR* path, BYTE mode);    /* Open or create a file */
         ^~~~~~
../src/cmd.c:2590:6: warning: passing argument 2 of 'f_write1' makes pointer from integer without a cast [-Wint-conversion]
      buff,   /* Data to be written */
      ^~~~
In file included from ../src/cmd.h:8,
                 from ../src/cmd.c:1:
../src/fat/ff.h:311:40: note: expected 'const void *' but argument is of type 'uint32_t' {aka 'long unsigned int'}
 FRESULT f_write1 (FIL* fp, const void* buff, UINT btw, UINT* bw);
                            ~~~~~~~~~~~~^~~~
../src/cmd.c:2592:6: warning: passing argument 4 of 'f_write1' from incompatible pointer type [-Wincompatible-pointer-types]
      &bw    /* Number of bytes written */
      ^~~
In file included from ../src/cmd.h:8,
                 from ../src/cmd.c:1:
../src/fat/ff.h:311:62: note: expected 'UINT *' {aka 'unsigned int *'} but argument is of type 'uint32_t *' {aka 'long unsigned int *'}
 FRESULT f_write1 (FIL* fp, const void* buff, UINT btw, UINT* bw);
                                                        ~~~~~~^~
../src/cmd.c:2536:13: warning: unused variable 'count' [-Wunused-variable]
   uint32_t  count=0;
             ^~~~~
../src/cmd.c:2535:19: warning: unused variable 'Free_Clust' [-Wunused-variable]
   uint32_t  len=0,Free_Clust=0;
                   ^~~~~~~~~~
../src/cmd.c: In function 'run_cmd_d203':
../src/cmd.c:2652:20: warning: initialization of 'uint32_t' {aka 'long unsigned int'} from 'void *' makes integer from pointer without a cast [-Wint-conversion]
   uint32_t  buff = (void *)(MEM_DDR4_BASE);
                    ^
../src/cmd.c:2656:32: warning: operation on 'i' may be undefined [-Wsequence-point]
    unicode_u16=(pMsg->MsgData[i++]|pMsg->MsgData[i++]<<8);
                               ~^~
../src/cmd.c:2674:23: warning: pointer targets in passing argument 2 of 'f_open' differ in signedness [-Wpointer-sign]
   ret = f_open(&wfile,cmd_str_11, FA_CREATE_ALWAYS | FA_WRITE |FA_READ);
                       ^~~~~~~~~~
In file included from ../src/cmd.h:8,
                 from ../src/cmd.c:1:
../src/fat/ff.h:306:9: note: expected 'const TCHAR *' {aka 'const char *'} but argument is of type 'BYTE *' {aka 'unsigned char *'}
 FRESULT f_open (FIL* fp, const TCHAR* path, BYTE mode);    /* Open or create a file */
         ^~~~~~
../src/cmd.c:2766:6: warning: passing argument 2 of 'f_write1' makes pointer from integer without a cast [-Wint-conversion]
      buff,   /* Data to be written */
      ^~~~
In file included from ../src/cmd.h:8,
                 from ../src/cmd.c:1:
../src/fat/ff.h:311:40: note: expected 'const void *' but argument is of type 'uint32_t' {aka 'long unsigned int'}
 FRESULT f_write1 (FIL* fp, const void* buff, UINT btw, UINT* bw);
                            ~~~~~~~~~~~~^~~~
../src/cmd.c:2768:6: warning: passing argument 4 of 'f_write1' from incompatible pointer type [-Wincompatible-pointer-types]
      &bw    /* Number of bytes written */
      ^~~
In file included from ../src/cmd.h:8,
                 from ../src/cmd.c:1:
../src/fat/ff.h:311:62: note: expected 'UINT *' {aka 'unsigned int *'} but argument is of type 'uint32_t *' {aka 'long unsigned int *'}
 FRESULT f_write1 (FIL* fp, const void* buff, UINT btw, UINT* bw);
                                                        ~~~~~~^~
../src/cmd.c:2646:7: warning: unused variable 'file_cmd' [-Wunused-variable]
   u32 file_cmd=0;
       ^~~~~~~~
../src/cmd.c:2645:12: warning: unused variable 'Status' [-Wunused-variable]
   uint32_t Status=0,bw=0;
            ^~~~~~
../src/cmd.c:2644:7: warning: unused variable 'k' [-Wunused-variable]
   int k=0;
       ^
../src/cmd.c: In function 'run_cmd_d205':
../src/cmd.c:2818:21: warning: initialization of 'uint32_t' {aka 'long unsigned int'} from 'void *' makes integer from pointer without a cast [-Wint-conversion]
    uint32_t  buff_r=(void *)(0x90000000);
                     ^
../src/cmd.c:2838:24: warning: pointer targets in passing argument 2 of 'f_open' differ in signedness [-Wpointer-sign]
    ret = f_open(&rfile,name, FA_OPEN_EXISTING |FA_READ);
                        ^~~~
In file included from ../src/cmd.h:8,
                 from ../src/cmd.c:1:
../src/fat/ff.h:306:9: note: expected 'const TCHAR *' {aka 'const char *'} but argument is of type 'BYTE *' {aka 'unsigned char *'}
 FRESULT f_open (FIL* fp, const TCHAR* path, BYTE mode);    /* Open or create a file */
         ^~~~~~
../src/cmd.c:2876:7: warning: passing argument 2 of 'f_read1' makes pointer from integer without a cast [-Wint-conversion]
       buff_r,
       ^~~~~~
In file included from ../src/cmd.h:8,
                 from ../src/cmd.c:1:
../src/fat/ff.h:309:33: note: expected 'void *' but argument is of type 'uint32_t' {aka 'long unsigned int'}
 FRESULT f_read1 (FIL* fp, void* buff, UINT btr, UINT* br);   /* Read data from the file */
                           ~~~~~~^~~~
../src/cmd.c:2878:7: warning: pointer targets in passing argument 4 of 'f_read1' differ in signedness [-Wpointer-sign]
       &br
       ^~~
In file included from ../src/cmd.h:8,
                 from ../src/cmd.c:1:
../src/fat/ff.h:309:9: note: expected 'UINT *' {aka 'unsigned int *'} but argument is of type 'int *'
 FRESULT f_read1 (FIL* fp, void* buff, UINT btr, UINT* br);   /* Read data from the file */
         ^~~~~~~
../src/cmd.c:2812:27: warning: unused variable 'h' [-Wunused-variable]
    int i=0,x=0,Status,ret,h=0,time=1;
                           ^
../src/cmd.c:2812:16: warning: unused variable 'Status' [-Wunused-variable]
    int i=0,x=0,Status,ret,h=0,time=1;
                ^~~~~~
../src/cmd.c:2812:12: warning: unused variable 'x' [-Wunused-variable]
    int i=0,x=0,Status,ret,h=0,time=1;
            ^
../src/cmd.c: In function 'run_cmd_d205_2':
../src/cmd.c:2961:20: warning: initialization of 'uint32_t' {aka 'long unsigned int'} from 'void *' makes integer from pointer without a cast [-Wint-conversion]
   uint32_t  buff_r=(void *)(0x80000000);
                    ^
../src/cmd.c:2981:23: warning: pointer targets in passing argument 2 of 'f_open' differ in signedness [-Wpointer-sign]
   ret = f_open(&rfile,name, FA_OPEN_EXISTING |FA_READ);
                       ^~~~
In file included from ../src/cmd.h:8,
                 from ../src/cmd.c:1:
../src/fat/ff.h:306:9: note: expected 'const TCHAR *' {aka 'const char *'} but argument is of type 'BYTE *' {aka 'unsigned char *'}
 FRESULT f_open (FIL* fp, const TCHAR* path, BYTE mode);    /* Open or create a file */
         ^~~~~~
../src/cmd.c:3019:7: warning: passing argument 2 of 'f_read1' makes pointer from integer without a cast [-Wint-conversion]
       buff_r,
       ^~~~~~
In file included from ../src/cmd.h:8,
                 from ../src/cmd.c:1:
../src/fat/ff.h:309:33: note: expected 'void *' but argument is of type 'uint32_t' {aka 'long unsigned int'}
 FRESULT f_read1 (FIL* fp, void* buff, UINT btr, UINT* br);   /* Read data from the file */
                           ~~~~~~^~~~
../src/cmd.c:3021:7: warning: pointer targets in passing argument 4 of 'f_read1' differ in signedness [-Wpointer-sign]
       &br
       ^~~
In file included from ../src/cmd.h:8,
                 from ../src/cmd.c:1:
../src/fat/ff.h:309:9: note: expected 'UINT *' {aka 'unsigned int *'} but argument is of type 'int *'
 FRESULT f_read1 (FIL* fp, void* buff, UINT btr, UINT* br);   /* Read data from the file */
         ^~~~~~~
../src/cmd.c:2955:26: warning: unused variable 'h' [-Wunused-variable]
   int i=0,x=0,Status,ret,h=0,time=1;
                          ^
../src/cmd.c:2955:15: warning: unused variable 'Status' [-Wunused-variable]
   int i=0,x=0,Status,ret,h=0,time=1;
               ^~~~~~
../src/cmd.c:2955:11: warning: unused variable 'x' [-Wunused-variable]
   int i=0,x=0,Status,ret,h=0,time=1;
           ^
../src/cmd.c: In function 'run_cmd_d205_8x':
../src/cmd.c:3117:21: warning: initialization of 'uint32_t' {aka 'long unsigned int'} from 'void *' makes integer from pointer without a cast [-Wint-conversion]
    uint32_t  buff_r=(void *)(0x80000000);
                     ^
../src/cmd.c:3120:24: warning: pointer targets in passing argument 2 of 'f_open' differ in signedness [-Wpointer-sign]
    ret = f_open(&rfile,name, FA_OPEN_EXISTING |FA_READ|FA_WRITE);
                        ^~~~
In file included from ../src/cmd.h:8,
                 from ../src/cmd.c:1:
../src/fat/ff.h:306:9: note: expected 'const TCHAR *' {aka 'const char *'} but argument is of type 'BYTE *' {aka 'unsigned char *'}
 FRESULT f_open (FIL* fp, const TCHAR* path, BYTE mode);    /* Open or create a file */
         ^~~~~~
../src/cmd.c:3156:7: warning: passing argument 2 of 'f_read1' makes pointer from integer without a cast [-Wint-conversion]
       buff_r,
       ^~~~~~
In file included from ../src/cmd.h:8,
                 from ../src/cmd.c:1:
../src/fat/ff.h:309:33: note: expected 'void *' but argument is of type 'uint32_t' {aka 'long unsigned int'}
 FRESULT f_read1 (FIL* fp, void* buff, UINT btr, UINT* br);   /* Read data from the file */
                           ~~~~~~^~~~
../src/cmd.c:3158:7: warning: pointer targets in passing argument 4 of 'f_read1' differ in signedness [-Wpointer-sign]
       &br
       ^~~
In file included from ../src/cmd.h:8,
                 from ../src/cmd.c:1:
../src/fat/ff.h:309:9: note: expected 'UINT *' {aka 'unsigned int *'} but argument is of type 'int *'
 FRESULT f_read1 (FIL* fp, void* buff, UINT btr, UINT* br);   /* Read data from the file */
         ^~~~~~~
../src/cmd.c:3219:39: warning: assignment to 'uint32_t' {aka 'long unsigned int'} from 'void *' makes integer from pointer without a cast [-Wint-conversion]
        if(buff_r>=0xDFFFFFFF)   buff_r=(void *)(0x80000000);
                                       ^
../src/cmd.c:3116:14: warning: unused variable 'MODE' [-Wunused-variable]
    uint32_t  MODE=0;
              ^~~~
../src/cmd.c:3112:13: warning: unused variable 'num' [-Wunused-variable]
    uint32_t num=0;
             ^~~
../src/cmd.c:3110:27: warning: unused variable 'h' [-Wunused-variable]
    int i=0,x=0,Status,ret,h=0,time=1;
                           ^
../src/cmd.c:3110:16: warning: unused variable 'Status' [-Wunused-variable]
    int i=0,x=0,Status,ret,h=0,time=1;
                ^~~~~~
../src/cmd.c:3110:12: warning: unused variable 'x' [-Wunused-variable]
    int i=0,x=0,Status,ret,h=0,time=1;
            ^
../src/cmd.c: In function 'run_cmd_d205_2_8x':
../src/cmd.c:3269:20: warning: initialization of 'uint32_t' {aka 'long unsigned int'} from 'void *' makes integer from pointer without a cast [-Wint-conversion]
   uint32_t  buff_r=(void *)(0x80000000);
                    ^
../src/cmd.c:3273:23: warning: pointer targets in passing argument 2 of 'f_open' differ in signedness [-Wpointer-sign]
   ret = f_open(&rfile,name, FA_OPEN_EXISTING |FA_READ|FA_WRITE);
                       ^~~~
In file included from ../src/cmd.h:8,
                 from ../src/cmd.c:1:
../src/fat/ff.h:306:9: note: expected 'const TCHAR *' {aka 'const char *'} but argument is of type 'BYTE *' {aka 'unsigned char *'}
 FRESULT f_open (FIL* fp, const TCHAR* path, BYTE mode);    /* Open or create a file */
         ^~~~~~
../src/cmd.c:3310:7: warning: passing argument 2 of 'f_read1' makes pointer from integer without a cast [-Wint-conversion]
       buff_r,
       ^~~~~~
In file included from ../src/cmd.h:8,
                 from ../src/cmd.c:1:
../src/fat/ff.h:309:33: note: expected 'void *' but argument is of type 'uint32_t' {aka 'long unsigned int'}
 FRESULT f_read1 (FIL* fp, void* buff, UINT btr, UINT* br);   /* Read data from the file */
                           ~~~~~~^~~~
../src/cmd.c:3312:7: warning: pointer targets in passing argument 4 of 'f_read1' differ in signedness [-Wpointer-sign]
       &br
       ^~~
In file included from ../src/cmd.h:8,
                 from ../src/cmd.c:1:
../src/fat/ff.h:309:9: note: expected 'UINT *' {aka 'unsigned int *'} but argument is of type 'int *'
 FRESULT f_read1 (FIL* fp, void* buff, UINT btr, UINT* br);   /* Read data from the file */
         ^~~~~~~
../src/cmd.c:3351:36: warning: assignment to 'uint32_t' {aka 'long unsigned int'} from 'void *' makes integer from pointer without a cast [-Wint-conversion]
     if(buff_r>=0xDFFFFFFF)   buff_r=(void *)(0x80000000);
                                    ^
../src/cmd.c:3364:15: warning: assignment to 'uint32_t' {aka 'long unsigned int'} from 'void *' makes integer from pointer without a cast [-Wint-conversion]
         buff_r=(void *)(0x80000000);
               ^
../src/cmd.c:3268:13: warning: unused variable 'MODE' [-Wunused-variable]
   uint32_t  MODE=0;
             ^~~~
../src/cmd.c:3263:26: warning: unused variable 'h' [-Wunused-variable]
   int i=0,x=0,Status,ret,h=0,time=1;
                          ^
../src/cmd.c:3263:15: warning: unused variable 'Status' [-Wunused-variable]
   int i=0,x=0,Status,ret,h=0,time=1;
               ^~~~~~
../src/cmd.c:3263:11: warning: unused variable 'x' [-Wunused-variable]
   int i=0,x=0,Status,ret,h=0,time=1;
           ^
../src/cmd.c: In function 'run_cmd_d204':
../src/cmd.c:3416:37: warning: operation on 'i' may be undefined [-Wsequence-point]
         unicode_u16=(pMsg->MsgData[i++]|pMsg->MsgData[i++]<<8);
                                    ~^~
../src/cmd.c:3411:7: warning: unused variable 'file' [-Wunused-variable]
   FIL file;
       ^~~~
../src/cmd.c:3406:17: warning: unused variable 'ret' [-Wunused-variable]
      int temp=0,ret=0,i=0,x=0,h=0;
                 ^~~
../src/cmd.c: In function 'run_cmd_d208':
../src/cmd.c:3551:21: warning: initialization of 'uint32_t' {aka 'long unsigned int'} from 'void *' makes integer from pointer without a cast [-Wint-conversion]
    uint32_t  buff_r=(void *)(0x90000000);
                     ^
../src/cmd.c:3567:24: warning: pointer targets in passing argument 2 of 'f_open' differ in signedness [-Wpointer-sign]
    ret = f_open(&rfile,name, FA_OPEN_EXISTING |FA_READ);
                        ^~~~
In file included from ../src/cmd.h:8,
                 from ../src/cmd.c:1:
../src/fat/ff.h:306:9: note: expected 'const TCHAR *' {aka 'const char *'} but argument is of type 'BYTE *' {aka 'unsigned char *'}
 FRESULT f_open (FIL* fp, const TCHAR* path, BYTE mode);    /* Open or create a file */
         ^~~~~~
../src/cmd.c:3605:7: warning: passing argument 2 of 'f_read1' makes pointer from integer without a cast [-Wint-conversion]
       buff_r,
       ^~~~~~
In file included from ../src/cmd.h:8,
                 from ../src/cmd.c:1:
../src/fat/ff.h:309:33: note: expected 'void *' but argument is of type 'uint32_t' {aka 'long unsigned int'}
 FRESULT f_read1 (FIL* fp, void* buff, UINT btr, UINT* br);   /* Read data from the file */
                           ~~~~~~^~~~
../src/cmd.c:3607:7: warning: pointer targets in passing argument 4 of 'f_read1' differ in signedness [-Wpointer-sign]
       &br
       ^~~
In file included from ../src/cmd.h:8,
                 from ../src/cmd.c:1:
../src/fat/ff.h:309:9: note: expected 'UINT *' {aka 'unsigned int *'} but argument is of type 'int *'
 FRESULT f_read1 (FIL* fp, void* buff, UINT btr, UINT* br);   /* Read data from the file */
         ^~~~~~~
../src/cmd.c:3615:4: warning: implicit declaration of function 'Internal_count' [-Wimplicit-function-declaration]
    Internal_count(&len,&Tx_time,&Tx_lastsize,&Tx_len);
    ^~~~~~~~~~~~~~
../src/cmd.c:3641:10: warning: assignment to 'uint32_t' {aka 'long unsigned int'} from 'void *' makes integer from pointer without a cast [-Wint-conversion]
    buff_r=(void *)(0x90000000);
          ^
../src/cmd.c:3545:27: warning: unused variable 'h' [-Wunused-variable]
    int i=0,x=0,Status,ret,h=0,time=1;
                           ^
../src/cmd.c:3545:16: warning: unused variable 'Status' [-Wunused-variable]
    int i=0,x=0,Status,ret,h=0,time=1;
                ^~~~~~
../src/cmd.c:3545:12: warning: unused variable 'x' [-Wunused-variable]
    int i=0,x=0,Status,ret,h=0,time=1;
            ^
../src/cmd.c: In function 'run_cmd_d207':
../src/cmd.c:3703:37: warning: operation on 'i' may be undefined [-Wsequence-point]
         unicode_u16=(pMsg->MsgData[i++]|pMsg->MsgData[i++]<<8);
                                    ~^~
../src/cmd.c:3699:7: warning: unused variable 'file' [-Wunused-variable]
   FIL file;
       ^~~~
../src/cmd.c:3694:17: warning: unused variable 'ret' [-Wunused-variable]
      int temp=0,ret=0,i=0,x=0,h=0;
                 ^~~
../src/cmd.c: In function 'run_cmd_f201':
../src/cmd.c:3737:6: warning: implicit declaration of function 'cmd_reply_health_f201'; did you mean 'cmd_reply_a208'? [-Wimplicit-function-declaration]
  ret=cmd_reply_health_f201();
      ^~~~~~~~~~~~~~~~~~~~~
      cmd_reply_a208
../src/cmd.c: In function 'cmd_reply_health_f201':
../src/cmd.c:3823:29: warning: passing argument 2 of 'XUartLite_Send' from incompatible pointer type [-Wincompatible-pointer-types]
   XUartLite_Send(&UartLite, &SendStructHealthStatus.RemainCap, 8);
                             ^~~~~~~~~~~~~~~~~~~~~~~~~~~~~~~~~
In file included from ../src/cmd.c:13:
../../1249_bsp/microblaze_1/include/xuartLite.h:252:57: note: expected 'u8 *' {aka 'unsigned char *'} but argument is of type 'u64 *' {aka 'long long unsigned int *'}
 unsigned int XUartLite_Send(XUartLite *InstancePtr, u8 *DataBufferPtr,
                                                     ~~~~^~~~~~~~~~~~~
../src/cmd.c: At top level:
../src/cmd.c:3828:6: warning: conflicting types for 'Internal_count'
 void Internal_count(uint32_t *LEN,uint32_t *TIME,uint32_t *LastSize,uint32_t *Length)
      ^~~~~~~~~~~~~~
../src/cmd.c:3615:4: note: previous implicit declaration of 'Internal_count' was here
    Internal_count(&len,&Tx_time,&Tx_lastsize,&Tx_len);
    ^~~~~~~~~~~~~~
../src/cmd.c: In function 'cmd_parse':
../src/cmd.c:179:1: warning: control reaches end of non-void function [-Wreturn-type]
 }
 ^
../src/cmd.c: In function 'delete_dir':
../src/cmd.c:412:27: warning: '%s' directive writing up to 255 bytes into a region of size 99 [-Wformat-overflow=]
      sprintf(FilePath,"%s/%s",path, fno.fname);
                           ^~        ~~~~~~~~~
../src/cmd.c:412:6: note: 'sprintf' output 2 or more bytes (assuming 257) into a destination of size 100
      sprintf(FilePath,"%s/%s",path, fno.fname);
      ^~~~~~~~~~~~~~~~~~~~~~~~~~~~~~~~~~~~~~~~~
'Finished building: ../src/cmd.c'
' '
'Building target: 1249.elf'
'Invoking: MicroBlaze gcc linker'
mb-gcc -Wl,-T -Wl,../src/lscript.ld -L../../1249_bsp/microblaze_1/lib -mlittle-endian -mxl-barrel-shift -mxl-pattern-compare -mno-xl-soft-div -mcpu=v11.0 -mno-xl-soft-mul -mxl-multiply-high -mhard-float -mxl-float-convert -mxl-float-sqrt -Wl,--no-relax -Wl,--gc-sections -o "1249.elf"  ./src/fat/diskio.o ./src/fat/ff.o ./src/fat/ffsystem.o ./src/fat/ffunicode.o  ./src/FIFO.o ./src/alloc.o ./src/cmd.o ./src/main.o ./src/mem_test.o ./src/nhc_amba.o ./src/platform.o ./src/ring_buffer.o ./src/simple_dma.o ./src/stm32uart_intr.o ./src/xllfifo_polling_example.o   -Wl,--start-group,-lxil,-lgcc,-lc,--end-group
'Finished building target: 1249.elf'
' '
'Invoking: MicroBlaze Print Size'
mb-size 1249.elf  |tee "1249.elf.size"
   text	   data	    bss	    dec	    hex	filename
 407928	   1996	14828828	15238752	 e88660	1249.elf
'Finished building: 1249.elf.size'
' '

09:16:51 Build Finished (took 1s.181ms)

